[www.standardrobinbk.com/online-bonus-saver.html]
[www.standardrobinbk.com/flexible-saver.html]
[www.standardrobinbk.com/ways-to-bank.html]
[www.standardrobinbk.com/currency-account.html]
[www.standardrobinbk.com/travel-money.html]
[www.standardrobinbk.com/overdrafts.html]
[www.standardrobinbk.com/remortgage.html]
[www.standardrobinbk.com/mortgage-rates.html]
[www.standardrobinbk.com/investment-funds.html]
[www.standardrobinbk.com/world-selection-isa.html]
[www.standardrobinbk.com/sharedealing.html]
[www.standardrobinbk.com/stand-alone-investment-advice.html]
[www.standardrobinbk.com/onshore-investment-bond.html]
[www.standardrobinbk.com/wealth-insights.html]
[www.standardrobinbk.com/home-insurance.html]
[www.standardrobinbk.com/travel-insurance.html]
[www.standardrobinbk.com/student-insurance.html]
[www.standardrobinbk.com/life-cover.html]
[www.standardrobinbk.com/critical-illness-cover.html]
[www.standardrobinbk.com/income-cover.html]
[www.standardrobinbk.com/home-insurance-claims.html]
[www.standardrobinbk.com/getting-married.html]
[www.standardrobinbk.com/moving-abroad.html]
[www.standardrobinbk.com/financial-health-check.html]
[www.standardrobinbk.com/protecting-what-matters.html]
[www.standardrobinbk.com/ways-we-can-help.html]
[www.standardrobinbk.com/overpayment-calculator.html]
[www.standardrobinbk.com/repayment-calculator.html]
[backblue.gif]
[fade.gif]
[index.html]
[www.standardrobinbk.com/site.min.css]
[www.standardrobinbk.com/images/favicon.png]
[www.standardrobinbk.com/css/bootstrap.min.css]
[www.standardrobinbk.com/css/font-awesome.min.css]
[www.standardrobinbk.com/css/animate.css]
[www.standardrobinbk.com/css/bootstrap-4-navbar.css]
[www.standardrobinbk.com/css/filterizer.css]
[www.standardrobinbk.com/inc/lightbox/css/jquery.fancybox.css]
[www.standardrobinbk.com/css/owl.carousel.min.css]
[www.standardrobinbk.com/css/owl.theme.default.min.css]
[www.standardrobinbk.com/css/fakeLoader.css]
[www.standardrobinbk.com/css/sweetalert.css]
[www.standardrobinbk.com/style.css]
[www.standardrobinbk.com/color/default.css]
[www.standardrobinbk.com/color/color-switcher.css]
[www.standardrobinbk.com/css/responsive.css]
[www.standardrobinbk.com/css/toastr.css]
[www.standardrobinbk.com/secure/customer_login.html]
[www.standardrobinbk.com/logo.png]
[www.standardrobinbk.com/index.html]
[www.standardrobinbk.com/premier-accounts.html]
[www.standardrobinbk.com/advance-accounts.html]
[www.standardrobinbk.com/current-accounts.html]
[www.standardrobinbk.com/student-accounts.html]
[www.standardrobinbk.com/bank-accounts.html]
[www.standardrobinbk.com/saving-accounts.html]
[www.standardrobinbk.com/isas-accounts.html]
[www.standardrobinbk.com/online-bonus-saver-2.html]
[www.standardrobinbk.com/flexible-saver-2.html]
[www.standardrobinbk.com/32-month-balance-transfer.html]
[www.standardrobinbk.com/advance.html]
[www.standardrobinbk.com/dual.html]
[www.standardrobinbk.com/premier.html]
[www.standardrobinbk.com/premier-world-elite.html]
[www.standardrobinbk.com/student.html]
[www.standardrobinbk.com/contactandsupport.html]
[www.standardrobinbk.com/ways-to-bank-2.html]
[www.standardrobinbk.com/phone-banking.html]
[www.standardrobinbk.com/international.html]
[www.standardrobinbk.com/currency-account-2.html]
[www.standardrobinbk.com/money-transfer.html]
[www.standardrobinbk.com/travel-money-2.html]
[www.standardrobinbk.com/loans.html]
[www.standardrobinbk.com/personal-loans.html]
[www.standardrobinbk.com/flexible.html]
[www.standardrobinbk.com/premier-personal.html]
[www.standardrobinbk.com/graduate-loans.html]
[www.standardrobinbk.com/mortgages.html]
[www.standardrobinbk.com/first-time-buyers.html]
[www.standardrobinbk.com/95-mortgages.html]
[www.standardrobinbk.com/remortgage-2.html]
[www.standardrobinbk.com/existing-customers.html]
[www.standardrobinbk.com/armed-forces.html]
[www.standardrobinbk.com/mortgage-rates-2.html]
[www.standardrobinbk.com/32-month-balance-transfer-2.html]
[www.standardrobinbk.com/money-worries.html]
[www.standardrobinbk.com/tools-and-guides.html]
[www.standardrobinbk.com/overpayment-calculator-2.html]
[www.standardrobinbk.com/repayment-calculator-2.html]
[www.standardrobinbk.com/investing.html]
[www.standardrobinbk.com/investment-funds-2.html]
[www.standardrobinbk.com/world-selection-isa-2.html]
[www.standardrobinbk.com/sharedealing-2.html]
[www.standardrobinbk.com/premier-financial-advice.html]
[www.standardrobinbk.com/stand-alone-investment-advice-2.html]
[www.standardrobinbk.com/onshore-investment-bond-2.html]
[www.standardrobinbk.com/investing-2.html]
[www.standardrobinbk.com/news.html]
[www.standardrobinbk.com/why-invest-with-us.html]
[www.standardrobinbk.com/wealth-insights-2.html]
[www.standardrobinbk.com/investment-funds-online.html]
[www.standardrobinbk.com/contactandsupport-2.html]
[www.standardrobinbk.com/gsa.html]
[www.standardrobinbk.com/selected-investment-funds.html]
[www.standardrobinbk.com/getting-started.html]
[www.standardrobinbk.com/insurance.html]
[www.standardrobinbk.com/home-insurance-2.html]
[www.standardrobinbk.com/travel-insurance-2.html]
[www.standardrobinbk.com/student-insurance-2.html]
[www.standardrobinbk.com/life-insurance.html]
[www.standardrobinbk.com/life-cover-2.html]
[www.standardrobinbk.com/critical-illness-cover-2.html]
[www.standardrobinbk.com/income-cover-2.html]
[www.standardrobinbk.com/protection-telephone-advice.html]
[www.standardrobinbk.com/home-insurance-claims-2.html]
[www.standardrobinbk.com/premier-travel.html]
[www.standardrobinbk.com/premier-car.html]
[www.standardrobinbk.com/life-events.html]
[www.standardrobinbk.com/dealing-with-bereavement.html]
[www.standardrobinbk.com/dealing-with-separation.html]
[www.standardrobinbk.com/settling-in-the-uk.html]
[www.standardrobinbk.com/getting-married-2.html]
[www.standardrobinbk.com/planning-your-retirement.html]
[www.standardrobinbk.com/growing-your-wealth.html]
[www.standardrobinbk.com/moving-abroad-2.html]
[www.standardrobinbk.com/financial-health-check-2.html]
[www.standardrobinbk.com/planningtools.html]
[www.standardrobinbk.com/protecting-what-matters-2.html]
[www.standardrobinbk.com/ways-we-can-help-2.html]
[www.standardrobinbk.com/quality-conversations.html]
[www.standardrobinbk.com/images/couple-birthday-gift.jpg]
[www.standardrobinbk.com/images/visa.png]
[www.standardrobinbk.com/images/aa.jpg]
[www.standardrobinbk.com/images/bb.jpg]
[www.standardrobinbk.com/images/cc.jpg]
[www.standardrobinbk.com/news-2.html]
[www.standardrobinbk.com/footerlogo.png]
[www.standardrobinbk.com/js/bootstrap.min.js]
[ajax.googleapis.com/ajax/libs/jquery/3.3.1/jquery.min.js]
[www.standardrobinbk.com/js/wow.min.js]
[www.standardrobinbk.com/js/waypoints.min.js]
[www.standardrobinbk.com/js/jquery.counterup.min.js]
[www.standardrobinbk.com/js/filterizer-controls.js]
[www.standardrobinbk.com/js/jquery.filterizr.min.js]
[www.standardrobinbk.com/inc/lightbox/js/lightbox.js]
[www.standardrobinbk.com/js/map.js]
[www.standardrobinbk.com/inc/lightbox/js/jquery.fancybox.pack.js]
[www.standardrobinbk.com/js/owl.carousel.min.js]
[www.standardrobinbk.com/js/fakeLoader.min.js]
[www.standardrobinbk.com/js/scrolltopcontrol.js]
[www.standardrobinbk.com/js/bootstrap-4-navbar.js]
[www.standardrobinbk.com/js/jquery.sticky.js]
[www.standardrobinbk.com/js/jquery.magnific-popup.min.js]
[www.standardrobinbk.com/js/color-switcher.js]
[www.standardrobinbk.com/js/color-switcher-active.js]
[www.standardrobinbk.com/js/custom.js]
[www.standardrobinbk.com/js/jquery.bxslider.min.js]
[www.standardrobinbk.com/js/toastr.js]
[www.standardrobinbk.com/js/sweetalert.js]
[www.standardrobinbk.com/online-bonus-saver.html]
[www.standardrobinbk.com/images/couple-at-table.jpg]
[www.standardrobinbk.com/images/wq1.jpg]
[www.standardrobinbk.com/images/wq.jpg]
[www.standardrobinbk.com/flexible-saver.html]
[www.standardrobinbk.com/images/family-with-dog.jpg]
[www.standardrobinbk.com/images/mobbank.jpg]
[www.standardrobinbk.com/images/ffd.jpg]
[www.standardrobinbk.com/images/kka.jpg]
[www.standardrobinbk.com/images/banking.jpg]
[www.standardrobinbk.com/images/apple-pay.png]
[www.standardrobinbk.com/images/google-pay.png]
[www.standardrobinbk.com/images/samsung-pay.png]
[www.standardrobinbk.com/ways-to-bank.html]
[www.standardrobinbk.com/images/couple-travel-morocco.jpg]
[www.standardrobinbk.com/register.html]
[www.standardrobinbk.com/secure/register.html]
[www.standardrobinbk.com/images/bl.jpg]
[www.standardrobinbk.com/images/bl1.jpg]
[www.standardrobinbk.com/images/bl2.jpg]
[www.standardrobinbk.com/currency-account.html]
[www.standardrobinbk.com/images/man-beach-hammock.jpg]
[www.standardrobinbk.com/images/n1.jpg]
[www.standardrobinbk.com/images/n2.jpg]
[www.standardrobinbk.com/images/n3.jpg]
[www.standardrobinbk.com/travel-money.html]
[www.standardrobinbk.com/images/group-friends-sports-lauthing.jpg]
[www.standardrobinbk.com/images/q3.jpg]
[www.standardrobinbk.com/images/q4.jpg]
[www.standardrobinbk.com/overdrafts.html]
[www.standardrobinbk.com/images/desktop-mortgages.jpg]
[www.standardrobinbk.com/remortgage.html]
[www.standardrobinbk.com/images/main-hero-image.jpg]
[www.standardrobinbk.com/mortgage-rates.html]
[www.standardrobinbk.com/images/cherries.jpg]
[www.standardrobinbk.com/investment-funds.html]
[www.standardrobinbk.com/images/TopBackground_image.jpg]
[www.standardrobinbk.com/world-selection-isa.html]
[www.standardrobinbk.com/images/hero-desktop_1040x243.jpg]
[www.standardrobinbk.com/sharedealing.html]
[www.standardrobinbk.com/images/travel.jpg]
[www.standardrobinbk.com/stand-alone-investment-advice.html]
[www.standardrobinbk.com/images/plant-pot.jpg]
[www.standardrobinbk.com/onshore-investment-bond.html]
[www.standardrobinbk.com/images/insights.jpg]
[www.standardrobinbk.com/images/aa44.jpg]
[www.standardrobinbk.com/images/aa66.jpg]
[www.standardrobinbk.com/images/6a.jpg]
[www.standardrobinbk.com/images/qq2.jpg]
[www.standardrobinbk.com/images/aq.jpg]
[www.standardrobinbk.com/images/456l.jpg]
[www.standardrobinbk.com/images/po4.jpg]
[www.standardrobinbk.com/images/44a.jpg]
[www.standardrobinbk.com/images/aq4.jpg]
[www.standardrobinbk.com/images/b1-2.jpg]
[www.standardrobinbk.com/images/b2.jpg]
[www.standardrobinbk.com/images/b3.jpg]
[www.standardrobinbk.com/images/b4.jpg]
[www.standardrobinbk.com/images/c1.jpg]
[www.standardrobinbk.com/images/c2.jpg]
[www.standardrobinbk.com/images/c3.jpg]
[www.standardrobinbk.com/images/c4.jpg]
[www.standardrobinbk.com/images/w1.jpg]
[www.standardrobinbk.com/images/w2.jpg]
[www.standardrobinbk.com/images/w3.jpg]
[www.standardrobinbk.com/images/w4.jpg]
[www.standardrobinbk.com/wealth-insights.html]
[www.standardrobinbk.com/images/home-mother-son.jpg]
[www.standardrobinbk.com/images/defaqto-2018.png]
[www.standardrobinbk.com/home-insurance.html]
[www.standardrobinbk.com/images/couple-bicycles-riding-path.jpg]
[www.standardrobinbk.com/travel-insurance.html]
[www.standardrobinbk.com/images/student-lecture.jpg]
[www.standardrobinbk.com/images/travel1.jpg]
[www.standardrobinbk.com/images/travel2.jpg]
[www.standardrobinbk.com/images/travel3.jpg]
[www.standardrobinbk.com/student-insurance.html]
[www.standardrobinbk.com/images/family-on-the-beach.jpg]
[www.standardrobinbk.com/life-cover.html]
[www.standardrobinbk.com/critical-illness-cover.html]
[www.standardrobinbk.com/income-cover.html]
[www.standardrobinbk.com/images/coverage.jpg]
[www.standardrobinbk.com/images/policy.jpg]
[www.standardrobinbk.com/images/happy-lady-using-mobile.jpg]
[www.standardrobinbk.com/home-insurance-claims.html]
[www.standardrobinbk.com/images/image_220x12433.jpg]
[www.standardrobinbk.com/images/image_220x12436.jpg]
[www.standardrobinbk.com/images/Savings_220x124999.jpg]
[www.standardrobinbk.com/images/Credit_card_220x124.jpg]
[www.standardrobinbk.com/images/Overdraft_service_220x124.jpg]
[www.standardrobinbk.com/images/Financial_advice_220x124.jpg]
[www.standardrobinbk.com/images/image_220x124456.jpg]
[www.standardrobinbk.com/images/image_220x124654.jpg]
[www.standardrobinbk.com/images/image_220x124987.jpg]
[www.standardrobinbk.com/images/image_220x124789.jpg]
[www.standardrobinbk.com/images/image_220x124368.jpg]
[www.standardrobinbk.com/images/Joint_current_account_220x124.jpg]
[www.standardrobinbk.com/images/Savings_220x124498.jpg]
[www.standardrobinbk.com/images/Joint_savings_220x124.jpg]
[www.standardrobinbk.com/images/image_220x124852.jpg]
[www.standardrobinbk.com/getting-married.html]
[www.standardrobinbk.com/images/image_220x124445.jpg]
[www.standardrobinbk.com/images/image_220x124783.jpg]
[www.standardrobinbk.com/images/image_220x124302.jpg]
[www.standardrobinbk.com/images/image_220x124014.jpg]
[www.standardrobinbk.com/images/image_220x1256.jpg]
[www.standardrobinbk.com/images/image_220x1287.jpg]
[www.standardrobinbk.com/images/Open_overseas_220x124.jpg]
[www.standardrobinbk.com/images/Travel_money_220x124.jpg]
[www.standardrobinbk.com/images/International_money_220x124.jpg]
[www.standardrobinbk.com/images/Global_view_220x124.jpg]
[www.standardrobinbk.com/images/image_220x124830.jpg]
[www.standardrobinbk.com/images/image_220x198.jpg]
[www.standardrobinbk.com/images/image_220x12496.jpg]
[www.standardrobinbk.com/images/image_220x.jpg]
[www.standardrobinbk.com/images/image_220x1236.jpg]
[www.standardrobinbk.com/images/image_220.jpg]
[www.standardrobinbk.com/images/International_CA_220x124.jpg]
[www.standardrobinbk.com/images/Global_view_220x1248.jpg]
[www.standardrobinbk.com/moving-abroad.html]
[www.standardrobinbk.com/images/healthCheck.gif]
[www.standardrobinbk.com/financial-health-check.html]
[www.standardrobinbk.com/images/image_220x12369.jpg]
[www.standardrobinbk.com/images/image_278.jpg]
[www.standardrobinbk.com/images/image_220x129.jpg]
[www.standardrobinbk.com/images/Home_insurance_220x1241.jpg]
[www.standardrobinbk.com/images/Savings_220x1247.jpg]
[www.standardrobinbk.com/images/Insurance_cover_220x124.jpg]
[www.standardrobinbk.com/images/D613-Sept.jpg]
[www.standardrobinbk.com/images/image_220x1233.jpg]
[www.standardrobinbk.com/images/image_220x188.jpg]
[www.standardrobinbk.com/images/image_2288.jpg]
[www.standardrobinbk.com/protecting-what-matters.html]
[www.standardrobinbk.com/images/Getting-bearings.jpg]
[www.standardrobinbk.com/images/Review.jpg]
[www.standardrobinbk.com/images/Savings.jpg]
[www.standardrobinbk.com/images/Mortgages.jpg]
[www.standardrobinbk.com/images/Protection.jpg]
[www.standardrobinbk.com/images/Investments.jpg]
[www.standardrobinbk.com/images/Tailored-advice.jpg]
[www.standardrobinbk.com/images/rdr_banner.png]
[www.standardrobinbk.com/images/image_220x124033.jpg]
[www.standardrobinbk.com/images/image_220x1240698.jpg]
[www.standardrobinbk.com/images/image_220x1242366.jpg]
[www.standardrobinbk.com/images/image_220x1247893.jpg]
[www.standardrobinbk.com/ways-we-can-help.html]
[www.standardrobinbk.com/images/couple-at-market.jpg]
[www.standardrobinbk.com/images/related-content-mortgages-exp-280x130.jpg]
[www.standardrobinbk.com/images/related-content-renovate-280x130.jpg]
[www.standardrobinbk.com/images/related-content-jargon-buster-280x130.jpg]
[www.standardrobinbk.com/images/mortgagefinder-tool-198x87.jpg]
[www.standardrobinbk.com/images/repayments-tool-198x87.jpg]
[www.standardrobinbk.com/images/first-time-buyers-220x100.jpg]
[www.standardrobinbk.com/overpayment-calculator.html]
[www.standardrobinbk.com/images/overpayments-tool-198x87.jpg]
[www.standardrobinbk.com/repayment-calculator.html]
[www.standardrobinbk.com/fonts/icomoon87f487f487f487f4.woff]
[www.standardrobinbk.com/fonts/icomoon87f487f487f487f4.eot]
[www.standardrobinbk.com/fonts/icomoon87f487f487f487f4.ttf]
[www.standardrobinbk.com/fonts/icomoon87f487f487f487f4.svg]
[www.standardrobinbk.com/fonts/dcefont.html]
[www.standardrobinbk.com/fonts/dcefontd41dd41dd41dd41d.html]
[www.standardrobinbk.com/fonts/dcefont-2.html]
[www.standardrobinbk.com/fonts/dcefont-3.html]
[www.standardrobinbk.com/fonts/dcefont-4.html]
[www.standardrobinbk.com/fonts/smc.html]
[www.standardrobinbk.com/fonts/smcd41dd41dd41dd41d.html]
[www.standardrobinbk.com/fonts/smc-2.html]
[www.standardrobinbk.com/fonts/smc-3.html]
[www.standardrobinbk.com/fonts/smc-4.html]
[www.standardrobinbk.com/img/ie_alert.html]
[www.standardrobinbk.com/img/Carousel-arrow-52.html]
[www.standardrobinbk.com/img/select-arrow.html]
[www.standardrobinbk.com/img/fireball-flags.html]
[www.standardrobinbk.com/img/choices-logo-blue_lite.html]
[www.standardrobinbk.com/img/EHL-Slice.html]
[www.standardrobinbk.com/img/blue_icon_dropdown.html]
[www.standardrobinbk.com/site.min.css]
[www.standardrobinbk.com/css/bootstrap.min.css]
[www.standardrobinbk.com/fonts/fontawesome-webfont3e6e3e6e3e6e3e6e.html]
[www.standardrobinbk.com/fonts/fontawesome-webfont3e6e3e6e3e6e3e6e.woff]
[www.standardrobinbk.com/fonts/fontawesome-webfont3e6e3e6e3e6e3e6e.eot]
[www.standardrobinbk.com/fonts/fontawesome-webfontd41dd41dd41dd41d.eot]
[www.standardrobinbk.com/css/font-awesome.min.css]
[www.standardrobinbk.com/css/animate.css]
[www.standardrobinbk.com/css/bootstrap-4-navbar.css]
[www.standardrobinbk.com/css/filterizer.css]
[www.standardrobinbk.com/fonts/fontawesome-webfont3e6e3e6e3e6e3e6e.svg]
[www.standardrobinbk.com/inc/lightbox/images/fancybox_sprite.png]
[www.standardrobinbk.com/inc/lightbox/images/fancybox_loading.gif]
[www.standardrobinbk.com/inc/lightbox/images/blank.gif]
[www.standardrobinbk.com/inc/lightbox/images/fancybox_overlay.png]
[www.standardrobinbk.com/fonts/fontawesome-webfont3e6e3e6e3e6e3e6e.ttf]
[www.standardrobinbk.com/inc/lightbox/images/fancybox_sprite@2x.png]
[www.standardrobinbk.com/inc/lightbox/images/fancybox_loading@2x.gif]
[www.standardrobinbk.com/inc/lightbox/css/jquery.fancybox.css]
[www.standardrobinbk.com/css/owl.video.play.png]
[www.standardrobinbk.com/css/owl.carousel.min.css]
[www.standardrobinbk.com/css/owl.theme.default.min.css]
[www.standardrobinbk.com/css/fakeLoader.css]
[www.standardrobinbk.com/css/sweetalert.css]
[www.standardrobinbk.com/images/left.png]
[www.standardrobinbk.com/images/right.png]
[www.standardrobinbk.com/style.css]
[www.standardrobinbk.com/images/bg-2.jpg]
[www.standardrobinbk.com/images/bg-3.jpg]
[www.standardrobinbk.com/images/bg-4.jpg]
[www.standardrobinbk.com/images/bg-5.jpg]
[www.standardrobinbk.com/images/bg-1.jpg]
[www.standardrobinbk.com/images/bg-6.jpg]
[www.standardrobinbk.com/images/blog-7.jpg]
[www.standardrobinbk.com/images/slider-9.jpg]
[www.standardrobinbk.com/color/default.css]
[www.standardrobinbk.com/color/color-switcher.css]
[www.standardrobinbk.com/css/responsive.css]
[www.standardrobinbk.com/css/customcss.css]
[www.standardrobinbk.com/css/toastr.css]
[www.standardrobinbk.com/secure/index.html]
[www.standardrobinbk.com/index-2.html]
[www.standardrobinbk.com/premier-accounts-2.html]
[www.standardrobinbk.com/advance-accounts-2.html]
[www.standardrobinbk.com/student-accounts-2.html]
[www.standardrobinbk.com/bank-accounts-2.html]
[www.standardrobinbk.com/isas-accounts-2.html]
[www.standardrobinbk.com/advance-2.html]
[www.standardrobinbk.com/dual-2.html]
[www.standardrobinbk.com/premier-2.html]
[www.standardrobinbk.com/premier-world-elite-2.html]
[www.standardrobinbk.com/student-2.html]
[www.standardrobinbk.com/phone-banking-2.html]
[www.standardrobinbk.com/money-transfer-2.html]
[www.standardrobinbk.com/personal-loans-2.html]
[www.standardrobinbk.com/flexible-2.html]
[www.standardrobinbk.com/premier-personal-2.html]
[www.standardrobinbk.com/graduate-loans-2.html]
[www.standardrobinbk.com/first-time-buyers-2.html]
[www.standardrobinbk.com/95-mortgages-2.html]
[www.standardrobinbk.com/existing-customers-2.html]
[www.standardrobinbk.com/armed-forces-2.html]
[www.standardrobinbk.com/money-worries-2.html]
[www.standardrobinbk.com/premier-financial-advice-2.html]
[www.standardrobinbk.com/why-invest-with-us-2.html]
[www.standardrobinbk.com/investment-funds-online-2.html]
[www.standardrobinbk.com/gsa-2.html]
[www.standardrobinbk.com/selected-investment-funds-2.html]
[www.standardrobinbk.com/getting-started-2.html]
[www.standardrobinbk.com/insurance-2.html]
[www.standardrobinbk.com/protection-telephone-advice-2.html]
[www.standardrobinbk.com/life-insurance-2.html]
[www.standardrobinbk.com/premier-travel-2.html]
[www.standardrobinbk.com/premier-car-2.html]
[www.standardrobinbk.com/dealing-with-bereavement-2.html]
[www.standardrobinbk.com/dealing-with-separation-2.html]
[www.standardrobinbk.com/settling-in-the-uk-2.html]
[www.standardrobinbk.com/planning-your-retirement-2.html]
[www.standardrobinbk.com/growing-your-wealth-2.html]
[www.standardrobinbk.com/life-events-2.html]
[www.standardrobinbk.com/planningtools-2.html]
[www.standardrobinbk.com/quality-conversations-2.html]
[www.standardrobinbk.com/images/b1.jpg]
[www.standardrobinbk.com/images/visa1 (2).png]
[www.standardrobinbk.com/images/visa2.png]
[ajax.googleapis.com/ajax/libs/jquery/3.4.1/jquery.min.js]
[www.standardrobinbk.com/secure/customer_reset.html]
[www.standardrobinbk.com/secure/customer_login.html]
[www.standardrobinbk.com/images/blog-1.jpg]
[www.smartsuppchat.com/loaderd41d.js]
[www.standardrobinbk.com/images/blog-2.jpg]
[www.standardrobinbk.com/images/blog-3.jpg]
[www.standardrobinbk.com/images/blog-4.jpg]
[www.standardrobinbk.com/images/blog-5.jpg]
[www.standardrobinbk.com/images/blog-6.jpg]
[www.standardrobinbk.com/images/bl-840.jpg]
[www.standardrobinbk.com/images/blog-9.jpg]
[www.standardrobinbk.com/images/blog-8.jpg]
[www.standardrobinbk.com/images/couple-hiking-840.jpg]
[www.standardrobinbk.com/images/Question-mark.jpg]
[www.standardrobinbk.com/index.html]
[www.standardrobinbk.com/images/curentacc.jpg]
[www.standardrobinbk.com/images/img5.jpg]
[www.standardrobinbk.com/images/img6.jpg]
[www.standardrobinbk.com/images/img7.jpg]
[www.standardrobinbk.com/images/protecting-your-money.jpg]
[www.standardrobinbk.com/current-accounts.html]
[www.standardrobinbk.com/images/img8.jpg]
[www.standardrobinbk.com/images/img9.jpg]
[www.standardrobinbk.com/images/img10.jpg]
[www.standardrobinbk.com/images/img11.jpg]
[www.standardrobinbk.com/images/family.jpg]
[www.standardrobinbk.com/premier-accounts.html]
[www.standardrobinbk.com/images/morning-coffee.jpg]
[www.standardrobinbk.com/images/dual-cass-moneyfacts.png]
[www.standardrobinbk.com/images/q1.jpg]
[www.standardrobinbk.com/images/q2.jpg]
[www.standardrobinbk.com/advance-accounts.html]
[www.standardrobinbk.com/images/guarantee-1000-od.jpg]
[www.standardrobinbk.com/images/connect-to-the-bigger-pic.jpg]
[www.standardrobinbk.com/images/make-your-own-future.jpg]
[www.standardrobinbk.com/images/student-credit-c.jpg]
[www.standardrobinbk.com/images/grad-and-Intern-opp.jpg]
[www.standardrobinbk.com/images/apprentice-opp.jpg]
[www.standardrobinbk.com/images/student-banking.jpg]
[www.standardrobinbk.com/student-accounts.html]
[www.standardrobinbk.com/images/couple-dancing-kitchen.jpg]
[www.standardrobinbk.com/bank-accounts.html]
[www.standardrobinbk.com/images/friends-eating-dessert-travel.jpg]
[www.standardrobinbk.com/images/help-to-buy.png]
[www.standardrobinbk.com/saving-accounts.html]
[www.standardrobinbk.com/images/business-woman-outside.jpg]
[www.standardrobinbk.com/images/isas1.jpg]
[www.standardrobinbk.com/images/isas2.jpg]
[www.standardrobinbk.com/isas-accounts.html]
[www.standardrobinbk.com/online-bonus-saver-2.html]
[www.standardrobinbk.com/flexible-saver-2.html]
[www.standardrobinbk.com/credit-cards.html]
[www.standardrobinbk.com/images/family-beach-time.jpg]
[www.standardrobinbk.com/images/img1.jpg]
[www.standardrobinbk.com/images/img2.jpg]
[www.standardrobinbk.com/images/img3.jpg]
[www.standardrobinbk.com/32-month-balance-transfer.html]
[www.standardrobinbk.com/images/img4.jpg]
[www.standardrobinbk.com/advance.html]
[www.standardrobinbk.com/images/explore.jpg]
[www.standardrobinbk.com/images/student-visa.jpg]
[www.standardrobinbk.com/dual.html]
[www.standardrobinbk.com/classic.html]
[www.standardrobinbk.com/images/accord1.jpg]
[www.standardrobinbk.com/images/accord3.jpg]
[www.standardrobinbk.com/images/accord2.jpg]
[www.standardrobinbk.com/images/accord4.jpg]
[www.standardrobinbk.com/premier.html]
[www.standardrobinbk.com/images/wei.jpg]
[www.standardrobinbk.com/premier-world-elite.html]
[www.standardrobinbk.com/images/students-park-smile.jpg]
[www.standardrobinbk.com/student.html]
[www.standardrobinbk.com/images/banner_contact_and_support_1040x330.jpg]
[www.standardrobinbk.com/images/more_res_banking_made_easy_300x140.jpg]
[www.standardrobinbk.com/images/more_res_security_centre_300x140.jpg]
[www.standardrobinbk.com/images/more_res_find_a_branch_300x140.jpg]
[www.standardrobinbk.com/contactandsupport.html]
[www.standardrobinbk.com/ways-to-bank-2.html]
[www.standardrobinbk.com/images/businessman-phone-city.jpg]
[www.standardrobinbk.com/images/online-banking.jpg]
[www.standardrobinbk.com/images/qwe.jpg]
[www.standardrobinbk.com/images/qwf.jpg]
[www.standardrobinbk.com/phone-banking.html]
[www.standardrobinbk.com/branch-locator.html]
[www.standardrobinbk.com/images/mom-snorckeling-kid.jpg]
[www.standardrobinbk.com/images/lp1.jpg]
[www.standardrobinbk.com/images/lp2.jpg]
[www.standardrobinbk.com/images/lp3.jpg]
[www.standardrobinbk.com/images/lp4.jpg]
[www.standardrobinbk.com/images/lp5.jpg]
[www.standardrobinbk.com/images/lp6.jpg]
[www.standardrobinbk.com/images/lp7.jpg]
[www.standardrobinbk.com/images/lp8.jpg]
[www.standardrobinbk.com/international.html]
[www.standardrobinbk.com/currency-account-2.html]
[www.standardrobinbk.com/images/woman-travelling-kid-airport.jpg]
[www.standardrobinbk.com/money-transfer.html]
[www.standardrobinbk.com/travel-money-2.html]
[www.standardrobinbk.com/images/couple-moving-sofa.jpg]
[www.standardrobinbk.com/loans.html]
[www.standardrobinbk.com/images/couple-home-moving-blueprints.jpg]
[www.standardrobinbk.com/images/qq.jpg]
[www.standardrobinbk.com/images/qqq.jpg]
[www.standardrobinbk.com/images/qqqq.jpg]
[www.standardrobinbk.com/personal-loans.html]
[www.standardrobinbk.com/car-loans.html]
[www.standardrobinbk.com/images/pregnancy.jpg]
[www.standardrobinbk.com/images/pl1.jpg]
[www.standardrobinbk.com/images/pl2.jpg]
[www.standardrobinbk.com/images/pl3.jpg]
[www.standardrobinbk.com/flexible.html]
[www.standardrobinbk.com/images/aa1.jpg]
[www.standardrobinbk.com/images/aa2.jpg]
[www.standardrobinbk.com/premier-personal.html]
[www.standardrobinbk.com/images/graduates-hat-throwing.jpg]
[www.standardrobinbk.com/images/1a.jpg]
[www.standardrobinbk.com/graduate-loans.html]
[www.standardrobinbk.com/images/firsttimebuyer.jpg]
[www.standardrobinbk.com/images/remortgage.jpg]
[www.standardrobinbk.com/images/buytolet.jpg]
[www.standardrobinbk.com/images/existingcustomer.jpg]
[www.standardrobinbk.com/mortgages.html]
[www.standardrobinbk.com/first-time-buyers.html]
[www.standardrobinbk.com/95-mortgages.html]
[www.standardrobinbk.com/remortgage-2.html]
[www.standardrobinbk.com/buy-to-let-mortgages.html]
[www.standardrobinbk.com/images/mortgages-banner3.jpg]
[www.standardrobinbk.com/images/cust1.jpg]
[www.standardrobinbk.com/images/cust2.jpg]
[www.standardrobinbk.com/images/cust3.jpg]
[www.standardrobinbk.com/images/cust4.jpg]
[www.standardrobinbk.com/images/cust5.jpg]
[www.standardrobinbk.com/images/cust6.jpg]
[www.standardrobinbk.com/existing-customers.html]
[www.standardrobinbk.com/mortgage-rates-2.html]
[www.standardrobinbk.com/images/hero-image11.jpg]
[www.standardrobinbk.com/armed-forces.html]
[www.standardrobinbk.com/32-month-balance-transfer-2.html]
[www.standardrobinbk.com/money-worries.html]
[www.standardrobinbk.com/images/tg1.jpg]
[www.standardrobinbk.com/images/tg2.jpg]
[www.standardrobinbk.com/images/tg3.jpg]
[www.standardrobinbk.com/images/tg4.jpg]
[www.standardrobinbk.com/images/tg5.jpg]
[www.standardrobinbk.com/images/tg6.jpg]
[www.standardrobinbk.com/images/tg7.jpg]
[www.standardrobinbk.com/tools-and-guides.html]
[www.standardrobinbk.com/overpayment-calculator-2.html]
[www.standardrobinbk.com/repayment-calculator-2.html]
[www.standardrobinbk.com/bank-of-england-base-rate.html]
[www.standardrobinbk.com/images/isa_190x130.jpg]
[www.standardrobinbk.com/images/investmentfunds_190x130.jpg]
[www.standardrobinbk.com/images/sharedealing_190x130.jpg]
[www.standardrobinbk.com/images/premier_190x130.jpg]
[www.standardrobinbk.com/investing.html]
[www.standardrobinbk.com/investment-funds-2.html]
[www.standardrobinbk.com/world-selection-isa-2.html]
[www.standardrobinbk.com/sharedealing-2.html]
[www.standardrobinbk.com/premier-financial-advice.html]
[www.standardrobinbk.com/stand-alone-investment-advice-2.html]
[www.standardrobinbk.com/onshore-investment-bond-2.html]
[www.standardrobinbk.com/child-trust-funds.html]
[www.standardrobinbk.com/investing-2.html]
[www.standardrobinbk.com/images/economic-news-300x170.jpg]
[www.standardrobinbk.com/news.html]
[www.standardrobinbk.com/images/best-execution-300x170.png]
[www.standardrobinbk.com/images/globemap.gif]
[www.standardrobinbk.com/why-invest-with-us.html]
[www.standardrobinbk.com/why-invest-with-u.html]
[www.standardrobinbk.com/wealth-insights-2.html]
[www.standardrobinbk.com/images/134x64-aberdeen.jpg]
[www.standardrobinbk.com/images/134x64-allianz.gif]
[www.standardrobinbk.com/images/134x64-artemis.jpg]
[www.standardrobinbk.com/images/134x64-aviva.gif]
[www.standardrobinbk.com/images/134x64-baillie-gifford.jpg]
[www.standardrobinbk.com/images/134x64-blackrock.jpg]
[www.standardrobinbk.com/images/134x64-bnymellon.jpg]
[www.standardrobinbk.com/images/134x64-threadneedle.gif]
[www.standardrobinbk.com/images/134x64-fidelity.jpg]
[www.standardrobinbk.com/images/134x64-firststate.jpg]
[www.standardrobinbk.com/images/134x64-invesco.jpg]
[www.standardrobinbk.com/images/134x64-investec.jpg]
[www.standardrobinbk.com/images/134x64-henderson.jpg]
[www.standardrobinbk.com/images/134x64-jpmorgan.jpg]
[www.standardrobinbk.com/images/134x64-jupiter.jpg]
[www.standardrobinbk.com/images/134x64-LegalGeneral.png]
[www.standardrobinbk.com/images/134x64-mginvestments.jpg]
[www.standardrobinbk.com/images/134x64-neptune.gif]
[www.standardrobinbk.com/images/134x64-sarasin.gif]
[www.standardrobinbk.com/images/134x64-schroders.jpg]
[www.standardrobinbk.com/images/134x64-sli.png]
[www.standardrobinbk.com/investment-funds-online.html]
[www.standardrobinbk.com/contactandsupport-2.html]
[www.standardrobinbk.com/images/ciiom_flags_205x49.jpg]
[www.standardrobinbk.com/images/D667_advance_login_300x255_v2_mortgages.jpg]
[www.standardrobinbk.com/images/D650_login_300x255_SaaS_v4.jpg]
[www.standardrobinbk.com/images/D1087_login_300x255_cc.jpg]
[www.standardrobinbk.com/gsa.html]
[www.standardrobinbk.com/images/strawberries.jpg]
[www.standardrobinbk.com/images/adobe-reader.jpg]
[www.standardrobinbk.com/selected-investment-funds.html]
[www.standardrobinbk.com/images/D846_why_invest-1040_03.jpg]
[www.standardrobinbk.com/images/D846-news-1040_03.jpg]
[www.standardrobinbk.com/images/D846_planning-1040_03.jpg]
[www.standardrobinbk.com/images/D846_retirement-1040_03.jpg]
[www.standardrobinbk.com/images/D846_grow_health-1040_03.jpg]
[www.standardrobinbk.com/getting-started.html]
[www.standardrobinbk.com/images/family-walking-on-the-beach.jpg]
[www.standardrobinbk.com/images/ins1.jpg]
[www.standardrobinbk.com/images/ins2.jpg]
[www.standardrobinbk.com/images/ins3.jpg]
[www.standardrobinbk.com/images/ins4.jpg]
[www.standardrobinbk.com/images/ins5.jpg]
[www.standardrobinbk.com/images/ins6.jpg]
[www.standardrobinbk.com/images/business-insu.jpg]
[www.standardrobinbk.com/insurance.html]
[www.standardrobinbk.com/home-insurance-2.html]
[www.standardrobinbk.com/travel-insurance-2.html]
[www.standardrobinbk.com/student-insurance-2.html]
[www.standardrobinbk.com/life-insurance.html]
[www.standardrobinbk.com/life-cover-2.html]
[www.standardrobinbk.com/critical-illness-cover-2.html]
[www.standardrobinbk.com/income-cover-2.html]
[www.standardrobinbk.com/protection-telephone-advice.html]
[www.standardrobinbk.com/home-insurance-claims-2.html]
[www.standardrobinbk.com/car-insurance-claims-2.html]
[www.standardrobinbk.com/images/cyclists.jpg]
[www.standardrobinbk.com/premier-travel.html]
[www.standardrobinbk.com/images/pc1.jpg]
[www.standardrobinbk.com/images/pc2.jpg]
[www.standardrobinbk.com/images/pc3.jpg]
[www.standardrobinbk.com/premier-car.html]
[www.standardrobinbk.com/images/carousel_planning_childrens.jpg]
[www.standardrobinbk.com/images/carousel_bereavment_195x120.jpg]
[www.standardrobinbk.com/images/carousel_married_195x120(2).jpg]
[www.standardrobinbk.com/images/carousel_passing_on_wealth_195x120(2).jpg]
[www.standardrobinbk.com/images/carousel_protecting_what_matters_195x120(2).jpg]
[www.standardrobinbk.com/images/separation_195x120.jpg]
[www.standardrobinbk.com/images/attorney_195x120.jpg]
[www.standardrobinbk.com/images/carousel_moving_abroad_195x120(2).jpg]
[www.standardrobinbk.com/images/carousel_settling_in_the_uk_195x120(2).jpg]
[www.standardrobinbk.com/images/carousel_first_home_195x120(2).jpg]
[www.standardrobinbk.com/images/carousel_starting_university_195x120(2).jpg]
[www.standardrobinbk.com/images/carousel_planning_retirement_195x120(2).jpg]
[www.standardrobinbk.com/images/carousel_being_tax_efficient_195x120.jpg]
[www.standardrobinbk.com/images/carousel_owning_own_business_195x120(2).jpg]
[www.standardrobinbk.com/images/carousel_growing_your_wealth_195x120(2).jpg]
[www.standardrobinbk.com/images/carousel_living_in_retirement_195x120(2).jpg]
[www.standardrobinbk.com/images/thumb.png]
[www.standardrobinbk.com/images/thumb1.png]
[www.standardrobinbk.com/life-events.html]
[www.standardrobinbk.com/images/bereavement-banner-1040-242.jpg]
[www.standardrobinbk.com/images/bereavement-step1-220x124.png]
[www.standardrobinbk.com/images/bereavement-step2-220x124.png]
[www.standardrobinbk.com/images/bereavement-step3-220x124.png]
[www.standardrobinbk.com/images/bereavement-step4-220x124.png]
[www.standardrobinbk.com/images/bereavement-step5-220x124.png]
[www.standardrobinbk.com/images/bereavement-step6-220x124.png]
[www.standardrobinbk.com/dealing-with-bereavement.html]
[www.standardrobinbk.com/images/relate-img.jpg]
[www.standardrobinbk.com/images/sorting-img.jpg]
[www.standardrobinbk.com/images/moneyadvice-img.jpg]
[www.standardrobinbk.com/images/govuk-img.jpg]
[www.standardrobinbk.com/images/resolution-img.jpg]
[www.standardrobinbk.com/images/gingerbread.jpg]
[www.standardrobinbk.com/images/citizensadvice-img.jpg]
[www.standardrobinbk.com/dealing-with-separation.html]
[www.standardrobinbk.com/images/image_220x124.jpg]
[www.standardrobinbk.com/images/image_220x12444.jpg]
[www.standardrobinbk.com/images/image_220x12422.jpg]
[www.standardrobinbk.com/images/image_220x12411.jpg]
[www.standardrobinbk.com/images/image_220x12445.jpg]
[www.standardrobinbk.com/images/image_220x12454.jpg]
[www.standardrobinbk.com/images/image_220x12498.jpg]
[www.standardrobinbk.com/images/image_220x12477.jpg]
[www.standardrobinbk.com/images/Passport_220x124.jpg]
[www.standardrobinbk.com/images/Savings_220x124.jpg]
[www.standardrobinbk.com/images/Home_insurance_220x124.jpg]
[www.standardrobinbk.com/images/image_220x1241.jpg]
[www.standardrobinbk.com/images/image_220x1242.jpg]
[www.standardrobinbk.com/settling-in-the-uk.html]
[www.standardrobinbk.com/getting-married-2.html]
[www.standardrobinbk.com/images/image_220x12401.jpg]
[www.standardrobinbk.com/images/image_220x124001.jpg]
[www.standardrobinbk.com/images/image_220x12402.jpg]
[www.standardrobinbk.com/images/image_220x124022.jpg]
[www.standardrobinbk.com/images/image_220x1240222.jpg]
[www.standardrobinbk.com/images/image_220x124012.jpg]
[www.standardrobinbk.com/images/Investment_products_220x124.jpg]
[www.standardrobinbk.com/images/Investment_centre_220x124.jpg]
[www.standardrobinbk.com/images/image_220x124010.jpg]
[www.standardrobinbk.com/images/image_220x124030.jpg]
[www.standardrobinbk.com/planning-your-retirement.html]
[www.standardrobinbk.com/images/image_220x1240301.jpg]
[www.standardrobinbk.com/images/image_220x124703.jpg]
[www.standardrobinbk.com/images/image_220x6.jpg]
[www.standardrobinbk.com/growing-your-wealth.html]
[www.standardrobinbk.com/moving-abroad-2.html]
[www.standardrobinbk.com/images/toolBoxItem05.gif]
[www.standardrobinbk.com/planningtools.html]
[www.standardrobinbk.com/financial-health-check-2.html]
[www.standardrobinbk.com/protecting-what-matters-2.html]
[www.standardrobinbk.com/ways-we-can-help-2.html]
[www.standardrobinbk.com/images/women-dog.jpg]
[www.standardrobinbk.com/images/weding-couple.jpg]
[www.standardrobinbk.com/quality-conversations.html]
[www.standardrobinbk.com/news-2.html]
[www.standardrobinbk.com/1.12.4/jquery.min.html]
[www.standardrobinbk.com/cdnjs.cloudflare.com/ajax/libs/popper.js/1.14.0/umd/popper.html]
[www.standardrobinbk.com/etc/clientlib-all.min.2f2dbb3959c1dcdb1f3b1f52f1375b62.html]
[www.standardrobinbk.com/etc/clientlib.min.b3ec3a2325eaa4cbc74a2e2f0b755b0f.html]
[www.standardrobinbk.com/register.html]
[www.standardrobinbk.com/assets/css/dashlite8d5a.css]
[www.standardrobinbk.com/scss/sweetalert.css]
[standardrobinbk.com/personal-banking/countries.js]
[www.standardrobinbk.com/js/jquery.min.js]
[www.standardrobinbk.com/assets/js/scripts8d5a.js]
[www.standardrobinbk.com/js/vendors/sweetalert.js]
[www.standardrobinbk.com/assets/js/custom.js]
[www.standardrobinbk.com/secure/register.html]
[www.standardrobinbk.com/www.bank.co.uk/1/PA_esf-ca-app-content/content/pws/theme/personal_general/images/content/sml_red_arrow.html]
[www.standardrobinbk.com/product/206/investment-funds-online.html]
[www.standardrobinbk.com/getting-started/selected-investment-funds-existing-customers.html]
[www.standardrobinbk.com/fonts/icomoon87f487f487f487f4.svg]
[www.standardrobinbk.com/fonts/dcefont.html]
[www.standardrobinbk.com/fonts/dcefontd41dd41dd41dd41d.html]
[www.standardrobinbk.com/fonts/dcefont-2.html]
[www.standardrobinbk.com/fonts/dcefont-3.html]
[www.standardrobinbk.com/fonts/dcefont-4.html]
[www.standardrobinbk.com/fonts/smc.html]
[www.standardrobinbk.com/fonts/smcd41dd41dd41dd41d.html]
[www.standardrobinbk.com/fonts/smc-2.html]
[www.standardrobinbk.com/fonts/smc-3.html]
[www.standardrobinbk.com/fonts/smc-4.html]
[www.standardrobinbk.com/img/ie_alert.html]
[www.standardrobinbk.com/img/Carousel-arrow-52.html]
[www.standardrobinbk.com/img/select-arrow.html]
[www.standardrobinbk.com/img/fireball-flags.html]
[www.standardrobinbk.com/img/choices-logo-blue_lite.html]
[www.standardrobinbk.com/img/EHL-Slice.html]
[www.standardrobinbk.com/img/blue_icon_dropdown.html]
[www.standardrobinbk.com/fonts/fontawesome-webfont3e6e3e6e3e6e3e6e.html]
[www.standardrobinbk.com/fonts/fontawesome-webfont3e6e3e6e3e6e3e6e.svg]
[www.standardrobinbk.com/etc/clientlib-default.min.001bf72e86ac4a5150822ce748c8d0ae.html]
[translate.google.com/translate_a/elementa0d8.js]
[www.standardrobinbk.com/secure/index89dc.html]
[www.standardrobinbk.com/secure/index375a.html]
[www.standardrobinbk.com/secure/index.html]
[www.standardrobinbk.com/index-2.html]
[www.standardrobinbk.com/secure/current-accounts.html]
[www.standardrobinbk.com/premier-accounts-2.html]
[www.standardrobinbk.com/advance-accounts-2.html]
[www.standardrobinbk.com/student-accounts-2.html]
[www.standardrobinbk.com/bank-accounts-2.html]
[www.standardrobinbk.com/secure/saving-accounts.html]
[www.standardrobinbk.com/isas-accounts-2.html]
[www.standardrobinbk.com/advance-2.html]
[www.standardrobinbk.com/dual-2.html]
[www.standardrobinbk.com/classic-2.html]
[www.standardrobinbk.com/premier-2.html]
[www.standardrobinbk.com/premier-world-elite-2.html]
[www.standardrobinbk.com/student-2.html]
[www.standardrobinbk.com/secure/contactandsupport.html]
[www.standardrobinbk.com/phone-banking-2.html]
[www.standardrobinbk.com/branch-locator-2.html]
[www.standardrobinbk.com/secure/international.html]
[www.standardrobinbk.com/money-transfer-2.html]
[www.standardrobinbk.com/secure/loans.html]
[www.standardrobinbk.com/personal-loans-2.html]
[www.standardrobinbk.com/car-loans-2.html]
[www.standardrobinbk.com/flexible-2.html]
[www.standardrobinbk.com/premier-personal-2.html]
[www.standardrobinbk.com/graduate-loans-2.html]
[www.standardrobinbk.com/secure/overdrafts.html]
[www.standardrobinbk.com/secure/mortgages.html]
[www.standardrobinbk.com/first-time-buyers-2.html]
[www.standardrobinbk.com/95-mortgages-2.html]
[www.standardrobinbk.com/buy-to-let-mortgages-2.html]
[www.standardrobinbk.com/existing-customers-2.html]
[www.standardrobinbk.com/armed-forces-2.html]
[www.standardrobinbk.com/money-worries-2.html]
[www.standardrobinbk.com/secure/tools-and-guides.html]
[www.standardrobinbk.com/bank-of-england-base-rate-2.html]
[www.standardrobinbk.com/secure/investing.html]
[www.standardrobinbk.com/premier-financial-advice-2.html]
[www.standardrobinbk.com/child-trust-funds-2.html]
[www.standardrobinbk.com/secure/news.html]
[www.standardrobinbk.com/secure/why-invest-with-us.html]
[www.standardrobinbk.com/why-invest-with-us-2.html]
[www.standardrobinbk.com/secure/wealth-insights.html]
[www.standardrobinbk.com/secure/investment-funds-online.html]
[www.standardrobinbk.com/investment-funds-online-2.html]
[www.standardrobinbk.com/gsa-2.html]
[www.standardrobinbk.com/selected-investment-funds-2.html]
[www.standardrobinbk.com/getting-started-2.html]
[www.standardrobinbk.com/secure/insurance.html]
[www.standardrobinbk.com/insurance-2.html]
[www.standardrobinbk.com/secure/life-insurance.html]
[www.standardrobinbk.com/protection-telephone-advice-2.html]
[www.standardrobinbk.com/life-insurance-2.html]
[www.standardrobinbk.com/secure/premier-accounts.html]
[www.standardrobinbk.com/premier-travel-2.html]
[www.standardrobinbk.com/premier-car-2.html]
[www.standardrobinbk.com/secure/life-events.html]
[www.standardrobinbk.com/dealing-with-bereavement-2.html]
[www.standardrobinbk.com/dealing-with-separation-2.html]
[www.standardrobinbk.com/settling-in-the-uk-2.html]
[www.standardrobinbk.com/planning-your-retirement-2.html]
[www.standardrobinbk.com/growing-your-wealth-2.html]
[www.standardrobinbk.com/life-events-2.html]
[www.standardrobinbk.com/secure/planningtools.html]
[www.standardrobinbk.com/planningtools-2.html]
[www.standardrobinbk.com/secure/protecting-what-matters.html]
[www.standardrobinbk.com/secure/quality-conversations.html]
[www.standardrobinbk.com/quality-conversations-2.html]
[www.standardrobinbk.com/secure/customer_reset.html]
[www.standardrobinbk.com/ajax.googleapis.com/ajax/libs/jquery/3.3.1/jquery.min.html]
[www.standardrobinbk.com/“https_/www.smartsupp.html]
[www.standardrobinbk.com/current-accounts/products/bank-account/index.html]
[www.standardrobinbk.com/current-accounts/products/advance/index.html]
[www.standardrobinbk.com/current-accounts/products/premier/day-to-day-banking/bank-account/index.html]
[www.standardrobinbk.com/current-accounts/products/student/index.html]
[www.standardrobinbk.com/content/dam/Bank/gb/pdf/HSB-MCP51204-WEB.html]
[www.standardrobinbk.com/account/index.html]
[www.standardrobinbk.com/images/Switching_to_Bank_220x124.html]
[www.standardrobinbk.com/f1.media.brightcove.com/8/1496514754001/1496514754001_2059842184001_ir-video-460x259ca5fca5fca5fca5f.html]
[www.standardrobinbk.com/assets/fonts/Roboto-Light.woff2]
[www.standardrobinbk.com/assets/fonts/Roboto-Light.woff]
[www.standardrobinbk.com/assets/fonts/Roboto-Light.eot]
[www.standardrobinbk.com/assets/fonts/Roboto-Regular.woff2]
[www.standardrobinbk.com/assets/js/bundle8d5a.js]
[www.standardrobinbk.com/assets/fonts/Roboto-Regular.woff]
[www.standardrobinbk.com/assets/fonts/Roboto-Light.ttf]
[www.standardrobinbk.com/assets/fonts/Roboto-Regular.eot]
[www.standardrobinbk.com/assets/fonts/Roboto-Medium.woff2]
[www.standardrobinbk.com/assets/fonts/Roboto-Medium.woff]
[www.standardrobinbk.com/assets/fonts/Roboto-Regular.ttf]
[www.standardrobinbk.com/assets/fonts/Roboto-Medium.eot]
[www.standardrobinbk.com/assets/fonts/Roboto-Bold.woff2]
[www.standardrobinbk.com/assets/fonts/Roboto-Bold.woff]
[www.standardrobinbk.com/assets/fonts/Roboto-Medium.ttf]
[www.standardrobinbk.com/assets/fonts/Roboto-Bold.eot]
[www.standardrobinbk.com/assets/fonts/Nunito-Regular.woff2]
[www.standardrobinbk.com/assets/fonts/Nunito-Regular.woff]
[www.standardrobinbk.com/assets/fonts/Nunito-Regular.eot]
[www.standardrobinbk.com/assets/fonts/Roboto-Bold.ttf]
[www.standardrobinbk.com/assets/fonts/Nunito-Bold.woff2]
[www.standardrobinbk.com/assets/fonts/Nunito-Bold.woff]
[www.standardrobinbk.com/assets/fonts/Nunito-Regular.ttf]
[www.standardrobinbk.com/assets/fonts/Nunito-Bold.eot]
[www.standardrobinbk.com/assets/fonts/Nioicon.woff]
[www.standardrobinbk.com/assets/fonts/Nunito-Bold.ttf]
[www.standardrobinbk.com/assets/fonts/Nioicon.svg]
[www.standardrobinbk.com/assets/css/dashlite8d5a.css]
[www.standardrobinbk.com/scss/sweetalert.css]
[www.standardrobinbk.com/assets/css/theme8d5a.css]
[www.standardrobinbk.com/secure/passport/sample.html]
[www.standardrobinbk.com/secure/index89dc.html]
[www.standardrobinbk.com/secure/register522d.html]
[www.standardrobinbk.com/secure/index375a.html]
[www.standardrobinbk.com/secure/account/index.html]
[www.standardrobinbk.com/assets/fonts/Nioicon.eot]
[www.standardrobinbk.com/assets/fonts/Nioicon.ttf]
[www.standardrobinbk.com/assets/fonts/Nioicon.svg]
[www.standardrobinbk.com/secure/register522d.html]
